[1/10] 2544.txt: tokens=88,982, chunks=21, dropped=2,945
[2/10] 3129.txt: tokens=20,294, chunks=4, dropped=3,906
[3/10] 3247.txt: tokens=135,809, chunks=33, dropped=608
[4/10] 3340.txt: tokens=99,354, chunks=24, dropped=1,026
[5/10] 3608.txt: tokens=360,972, chunks=88, dropped=436
[6/10] 3754.txt: tokens=124,661, chunks=30, dropped=1,751
[7/10] 3890.txt: tokens=39,833, chunks=9, dropped=2,960
[8/10] 4047.txt: tokens=158,441, chunks=38, dropped=2,755
[9/10] 4128.txt: tokens=25,866, chunks=6, dropped=1,284
[10/10] 860.txt: tokens=72,106, chunks=17, dropped=2,457
--- Dataset summary ---
Source: C:\Users\FeiC\Desktop\workspace\Decoupling\code\data\pg19
Output: C:\Users\FeiC\Desktop\workspace\Decoupling\code\data\pg19_4096
Books: 10
Books with chunks: 10
Source tokens: 1,126,318
Context length: 4,096
Full chunks: 270
Written tokens: 1,106,190
Dropped tail tokens: 20,128
